================================================================================
ISONGRAPH STORE BENCHMARK - DETAILED LOG
================================================================================

CONFIGURATION
----------------------------------------
Date: 2025-12-30 15:28:15
Node Count: 1,000
Edge Count: 5,000
Warmup Iterations: 10
Benchmark Iterations: 100
Traversal Iterations: 50
Path Iterations: 20

STORES TESTED
----------------------------------------
  - ISONGraph
  - NetworkX
  - DictGraph

================================================================================
STORE: ISONGraph
================================================================================

Total Time: 562.69 ms
Peak Memory: 0.31 MB

OPERATION DETAILS
------------------------------------------------------------
Operation            Avg (us)     Min (us)     Max (us)     Ops/sec        
------------------------------------------------------------
add_node             0.73         0.60         1.60         1,360,544      
get_node             0.36         0.30         0.60         2,785,515      
update_node          0.72         0.60         1.00         1,383,126      
add_edge             2.03         1.60         4.90         492,368        
get_edge             0.29         0.20         0.40         3,424,658      
neighbors_1hop       1.17         0.90         2.20         853,242        
multi_hop_2          9.02         2.60         28.70        110,914        
multi_hop_3          34.70        5.90         93.30        28,817         
shortest_path        194.22       1.60         378.70       5,149          
has_path             204.63       41.70        504.30       4,887          
has_cycle            13.45        12.80        14.70        74,349         
save                 4286.32      3520.00      6903.00      233            
load                 50891.76     48429.10     52816.30     20             

================================================================================
STORE: NetworkX
================================================================================

Total Time: 2061.12 ms
Peak Memory: 0.46 MB

OPERATION DETAILS
------------------------------------------------------------
Operation            Avg (us)     Min (us)     Max (us)     Ops/sec        
------------------------------------------------------------
add_node             1.19         1.00         3.90         841,043        
get_node             0.62         0.40         1.00         1,618,123      
update_node          0.72         0.50         1.20         1,388,889      
add_edge             2.46         2.10         7.00         405,680        
get_edge             0.55         0.50         0.80         1,828,154      
neighbors_1hop       0.96         0.70         2.20         1,037,344      
multi_hop_2          4.84         2.60         8.20         206,697        
multi_hop_3          18.88        4.30         42.10        52,972         
shortest_path        14.26        8.50         23.10        70,151         
has_path             14.65        6.10         25.20        68,236         
has_cycle            42.48        41.10        53.10        23,543         
save                 24420.10     23221.60     26326.20     41             
load                 181369.97    170722.20    198765.00    6              

================================================================================
STORE: DictGraph
================================================================================

Total Time: 547.47 ms
Peak Memory: 0.26 MB

OPERATION DETAILS
------------------------------------------------------------
Operation            Avg (us)     Min (us)     Max (us)     Ops/sec        
------------------------------------------------------------
add_node             0.35         0.30         0.90         2,840,909      
get_node             0.34         0.20         0.60         2,915,452      
update_node          0.54         0.40         4.30         1,865,672      
add_edge             0.81         0.70         1.70         1,230,012      
get_edge             0.17         0.10         0.40         5,747,126      
neighbors_1hop       0.39         0.30         0.60         2,590,674      
multi_hop_2          4.64         1.70         7.90         215,703        
multi_hop_3          19.46        7.60         42.00        51,377         
shortest_path        237.41       2.30         402.30       4,212          
has_path             445.78       4.00         2108.30      2,243          
has_cycle            4.12         3.70         4.90         242,718        
save                 47808.76     45665.30     50681.80     21             
load                 5418.54      5038.80      6080.70      185            

================================================================================
COMPARISON SUMMARY
================================================================================

Operation            |       ISONGraph |        NetworkX |       DictGraph | Winner
-----------------------------------------------------------------------------------
add_node             |         0.73 us |         1.19 us |         0.35 us | DictGraph
get_node             |         0.36 us |         0.62 us |         0.34 us | DictGraph
update_node          |         0.72 us |         0.72 us |         0.54 us | DictGraph
add_edge             |         2.03 us |         2.46 us |         0.81 us | DictGraph
get_edge             |         0.29 us |         0.55 us |         0.17 us | DictGraph
neighbors_1hop       |         1.17 us |         0.96 us |         0.39 us | DictGraph
multi_hop_2          |         9.02 us |         4.84 us |         4.64 us | DictGraph
multi_hop_3          |        34.70 us |        18.88 us |        19.46 us | NetworkX
shortest_path        |       194.22 us |        14.26 us |       237.41 us | NetworkX
has_path             |       204.63 us |        14.65 us |       445.78 us | NetworkX
has_cycle            |        13.45 us |        42.48 us |         4.12 us | DictGraph
save                 |      4286.32 us |     24420.10 us |     47808.76 us | ISONGraph
load                 |     50891.76 us |    181369.97 us |      5418.54 us | DictGraph

WINNER SUMMARY
----------------------------------------
  DictGraph       9/13 operations (69.2%)
  NetworkX        3/13 operations (23.1%)
  ISONGraph       1/13 operations (7.7%)
